// Jest Snapshot v1, https://goo.gl/fbAQLP

exports[`Add Project Component Should render AddProject component 1`] = `
<div>
  <div
    class="container"
  >
    <div
      class="row"
    >
      <div
        class="col"
      >
        <h3
          class="mt-3"
        >
          Project Management
        </h3>
      </div>
    </div>
    <div
      class="row"
    >
      <div
        class="mt-3 col"
      >
        <form>
          <div
            class="form-group"
          >
            <label
              class="form-label"
            >
              Project Name
            </label>
            <input
              class="mb-2 mt-2 form-control"
              name="projectName"
              placeholder="Project Name"
              required=""
              value=""
            />
            <div
              class="invalid-feedback"
            />
          </div>
          <div
            class="form-check"
          >
            <input
              class="form-check-input"
              name="dateRequired"
              type="checkbox"
              value="false"
            />
            <label
              class="form-check-label"
              title=""
            >
              Set Start and End date
            </label>
          </div>
          <label
            class="mt-2 form-label"
          >
            Start Date
          </label>
          <input
            class="mb-2 mt-2 form-control"
            disabled=""
            name="startDate"
            placeholder="Start Date"
            type="date"
            value="2019-12-15"
          />
          <div
            class="invalid-feedback"
          />
          <label
            class="form-label"
          >
            End Date
          </label>
          <input
            class="mb-2 mt-2 form-control"
            disabled=""
            name="endDate"
            placeholder="End Date"
            type="date"
            value="2019-12-16"
          />
          <div
            class="invalid-feedback"
          />
          <label
            class="form-label"
          >
            Priority
          </label>
          <input
            class="mb-2 mt-2 form-control"
            data-testid="priorityField"
            max="30"
            min="0"
            name="priority"
            placeholder="priority"
            step="1"
            type="range"
            value=""
          />
          <div
            class="invalid-feedback"
          />
          <label
            class="form-label"
          >
            Serach Manager
          </label>
          <div
            class="input-group"
          >
            <label
              class="modal-label form-label"
            />
            <input
              class="mb-2 mt-2 form-control-plaintext"
              hidden=""
              name="manager"
              readonly=""
              required=""
              value=""
            />
            <div
              class="input-group-append"
            >
              <button
                class="btn btn-primary"
                type="button"
              >
                <i
                  class="fa fa-search"
                />
              </button>
            </div>
          </div>
          <div
            class="invalid-feedback"
          />
          <div
            class="text-center mt-4 mb-4"
          >
            <button
              class="ml-2 mr-2 btn btn-primary"
              data-testid="updateProject"
              disabled=""
              type="submit"
            >
              Add
            </button>
            <button
              class="btn btn-outline-secondary"
              type="button"
            >
              Reset
            </button>
          </div>
        </form>
      </div>
    </div>
    <hr />
    <div
      class="row"
    >
      <div
        class="col-sm-6 col-12"
      >
        <input
          class="mb-4 form-control"
          name="search"
          placeholder="Search"
        />
      </div>
      <div
        class="col-sm-6 col-12"
      >
        Sort By:
        <button
          class="ml-2 btn btn-outline-primary"
          data-testid="sortStartDate"
          type="button"
        >
          Start Date
        </button>
        <button
          class="ml-2 btn btn-outline-primary"
          data-testid="sortEndDate"
          type="button"
        >
          End Date
        </button>
        <button
          class="ml-2 btn btn-outline-primary"
          data-testid="sortPriority"
          type="button"
        >
          Priority
        </button>
      </div>
    </div>
    <div
      class="row"
    >
      <div
        class="col"
      >
        <div
          class="list-group"
        >
          <div
            class="project-list list-group-item"
          >
            <div>
              <p>
                Project : 
                ProjectA
              </p>
              <div>
                <span
                  class="mr-2"
                >
                  Start Date :
                   
                  2019-12-13
                </span>
                <span
                  class="ml-5"
                >
                  End Date :
                   
                  2019-12-20
                </span>
              </div>
              <div>
                <span
                  class="mr-2"
                >
                  No of tasks: 
                  1
                </span>
              </div>
              <div>
                <span
                  class="mr-2"
                >
                  Completed: 
                  1
                </span>
              </div>
            </div>
            <div
              class="list-group"
            >
              <div
                class="list-group-item"
              >
                <p>
                  Priority : 
                </p>
                 
                <p>
                  24
                </p>
              </div>
            </div>
            <div>
              <button
                class="btn btn-outline-primary"
                type="button"
              >
                Update
              </button>
              <br />
              <button
                class="mt-2 btn btn-outline-secondary"
                type="button"
              >
                Suspend
              </button>
            </div>
          </div>
        </div>
      </div>
    </div>
  </div>
</div>
`;
